; Copyright 2018 University of Groningen
;
; Licensed under the Apache License, Version 2.0 (the "License");
; you may not use this file except in compliance with the License.
; You may obtain a copy of the License at
;
;    http://www.apache.org/licenses/LICENSE-2.0
;
; Unless required by applicable law or agreed to in writing, software
; distributed under the License is distributed on an "AS IS" BASIS,
; WITHOUT WARRANTIES OR CONDITIONS OF ANY KIND, either express or implied.
; See the License for the specific language governing permissions and
; limitations under the License.

[ molecule ]
ARG

[from]
universal

[to]
martini3001

[ martini ]
BB SC1 SC2

[ mapping ]
charmm27 charmm36

[ atoms ]
    1     N    BB
    2    HN    BB
    3    CA    BB
    4    HA    !BB
    5    CB   SC1
    6   HB1   !SC1
    7   HB2   !SC1
    8    CG   SC1
    9   HG1   !SC1
   10   HG2   !SC1
   11    CD   SC1 
   12   HD1   !SC1
   13   HD2   !SC1
   14    NE   SC2
   15    HE   SC2
   16    CZ   SC2
   17   NH1   SC2
   18  HH11   SC2
   19  HH12   SC2
   20   NH2   SC2
   21  HH21   SC2
   22  HH22   SC2
   23     C    BB
   24     O    BB

[ chiral ]
  CB     CA    N    C
  HB1    CA    N    C
  HB2    CA    N    C
[ chiral ]
  HA     CA    N    CB    C ; L-Arg
; HA     CA    N    C    CB ; D-Arg


; The cis/trans are added to ensure proper
; splitting of the guanidinium group

[ trans ]
; Because of the use of normalized vectors, this makes sense:
  NH1    CZ    NE    HE

[ out ]
  NH2    CZ    NE    NH1
  NH1    CZ    NE    NH2

[ out ]
 HH11    NH1   CZ   HH12
 HH12    NH1   CZ   HH11
 HH21    NH2   CZ   HH22
 HH22    NH2   CZ   HH21
