[ molecule ]
FAD

[from]
gromos

[to]
martini22

[ martini ]
FLA1 FLA2 FLA3 FLA4 FLA5 RIB1 RIB2 PO4B PO4A RBS1 RBS2 ADN3 ADN2 ADN1

[ mapping ]
gromos

[ atoms ]
    1   FC9A FLA3
    2   FN10 FLA3
    3  FC10A FLA3
    4    FN1 FLA5
    5    FC2 FLA5
    6    FO2 FLA5
    7    FN3 FLA4
    8    FH3 FLA4
    9    FC4 FLA4
   10    FO4 FLA4
   11   FC4A FLA2
   12    FN5 FLA2
   13   FC5A FLA2
   14    FC6 FLA2
   15    FC7 FLA1
   16   FCM7 FLA1
   17    FC8 FLA1
   18   FCM8 FLA1
   19    FC9 FLA3
   20    FCA RIB1
   21    FCB RIB1
   22    FOB RIB1
   23    FHB RIB1
   24    FCG RIB1 RIB2
   25    FOG RIB1 RIB2
   26    FHG RIB1 RIB2
   27    FCD RIB2
   28    FOD RIB2
   29    FHD RIB2
   30    FCE RIB2
   31    FOZ PO4B
   32    FPH PO4B
   33   FOT1 PO4B
   34   FOT2 PO4B
   35     AP PO4A
   36   AO1P PO4A
   37   AO2P PO4A
   38   AO5* PO4A
   39    O3P PO4B PO4A
   40   AC5* RBS1
   41   AC4* RBS1
   42   AO4* RBS1
   43   AC1* RBS1
   44    AN9 ADN3
   45    AC4 ADN2
   46    AN3 ADN2
   47    AC2 ADN2
   48    AN1 ADN1
   49    AC6 ADN1
   50    AN6 ADN1
   51   AH61 ADN1
   52   AH62 ADN1
   53    AC5 ADN1
   54    AN7 ADN3
   55    AC8 ADN3
   56   AC2* RBS2
   57   AO2* RBS2
   58   AH2* RBS2
   59   AC3* RBS2
   60   AO3* RBS2
   61   AH3* RBS2
